2026-02-01 16:37:43 | INFO     | src.analyzer | Analyzing 10 players...
2026-02-01 16:37:57 | INFO     | src.analyzer | Analyzing 10 players...
2026-02-01 16:38:03 | INFO     | src.analyzer | Analyzing 10 players...
2026-02-01 16:38:03 | INFO     | src.ai_advisor | Generating AI keeper recommendations...
2026-02-01 16:39:00 | INFO     | src.analyzer | Analyzing 10 players...
2026-02-01 16:40:02 | INFO     | src.analyzer | Analyzing 10 players...
2026-02-01 16:51:29 | INFO     | src.yahoo_client | Authenticating with Yahoo Fantasy API...
2026-02-01 16:54:08 | INFO     | src.yahoo_client | Authenticating with Yahoo Fantasy API...
2026-02-01 16:54:15 | INFO     | src.yahoo_client | ✅ Authentication successful!
2026-02-01 16:54:18 | ERROR    | src.yahoo_client | Error fetching leagues: b'{\n    "error": {\n        "xml:lang": "en-us",\n        "yahoo:uri": "\\/fantasy\\/v2\\/users;use_login=1\\/games\\/teams?format=json",\n        "description": "You do not have the appropriate OAuth scope permissions to perform this action.",\n        "detail": ""\n    }\n}'
2026-02-01 16:54:28 | ERROR    | src.yahoo_client | Error fetching leagues: b'{\n    "error": {\n        "xml:lang": "en-us",\n        "yahoo:uri": "\\/fantasy\\/v2\\/users;use_login=1\\/games\\/teams?format=json",\n        "description": "You do not have the appropriate OAuth scope permissions to perform this action.",\n        "detail": ""\n    }\n}'
2026-02-01 16:58:03 | INFO     | src.yahoo_client | Authenticating with Yahoo Fantasy API...
2026-02-01 16:58:09 | INFO     | src.yahoo_client | ✅ Authentication successful!
2026-02-01 16:58:12 | ERROR    | src.yahoo_client | Error fetching leagues: b'{\n    "error": {\n        "xml:lang": "en-us",\n        "yahoo:uri": "\\/fantasy\\/v2\\/users;use_login=1\\/games\\/teams?format=json",\n        "description": "You do not have the appropriate OAuth scope permissions to perform this action.",\n        "detail": ""\n    }\n}'
2026-02-01 16:58:22 | ERROR    | src.yahoo_client | Error fetching leagues: b'{\n    "error": {\n        "xml:lang": "en-us",\n        "yahoo:uri": "\\/fantasy\\/v2\\/users;use_login=1\\/games\\/teams?format=json",\n        "description": "You do not have the appropriate OAuth scope permissions to perform this action.",\n        "detail": ""\n    }\n}'
2026-02-01 17:03:10 | INFO     | src.yahoo_client | Authenticating with Yahoo Fantasy API...
2026-02-01 17:03:20 | INFO     | src.yahoo_client | ✅ Authentication successful!
2026-02-01 17:03:24 | ERROR    | src.yahoo_client | Error fetching leagues: b'{\n    "error": {\n        "xml:lang": "en-us",\n        "yahoo:uri": "\\/fantasy\\/v2\\/users;use_login=1\\/games\\/teams?format=json",\n        "description": "You do not have the appropriate OAuth scope permissions to perform this action.",\n        "detail": ""\n    }\n}'
2026-02-01 17:03:33 | ERROR    | src.yahoo_client | Error fetching leagues: b'{\n    "error": {\n        "xml:lang": "en-us",\n        "yahoo:uri": "\\/fantasy\\/v2\\/users;use_login=1\\/games\\/teams?format=json",\n        "description": "You do not have the appropriate OAuth scope permissions to perform this action.",\n        "detail": ""\n    }\n}'
2026-02-01 17:04:19 | INFO     | src.yahoo_client | Authenticating with Yahoo Fantasy API...
2026-02-01 17:04:19 | INFO     | src.yahoo_client | ✅ Authentication successful!
2026-02-01 17:04:22 | ERROR    | src.yahoo_client | Error fetching leagues: b'{\n    "error": {\n        "xml:lang": "en-us",\n        "yahoo:uri": "\\/fantasy\\/v2\\/users;use_login=1\\/games\\/teams?format=json",\n        "description": "You do not have the appropriate OAuth scope permissions to perform this action.",\n        "detail": ""\n    }\n}'
2026-02-01 17:04:28 | ERROR    | src.yahoo_client | Error fetching leagues: b'{\n    "error": {\n        "xml:lang": "en-us",\n        "yahoo:uri": "\\/fantasy\\/v2\\/users;use_login=1\\/games\\/teams?format=json",\n        "description": "You do not have the appropriate OAuth scope permissions to perform this action.",\n        "detail": ""\n    }\n}'
2026-02-01 17:05:10 | INFO     | src.yahoo_client | Authenticating with Yahoo Fantasy API...
2026-02-01 17:05:16 | INFO     | src.yahoo_client | ✅ Authentication successful!
2026-02-01 17:05:18 | ERROR    | src.yahoo_client | Error fetching leagues: b'{\n    "error": {\n        "xml:lang": "en-us",\n        "yahoo:uri": "\\/fantasy\\/v2\\/users;use_login=1\\/games\\/teams?format=json",\n        "description": "You do not have the appropriate OAuth scope permissions to perform this action.",\n        "detail": ""\n    }\n}'
2026-02-01 17:05:26 | ERROR    | src.yahoo_client | Error fetching leagues: b'{\n    "error": {\n        "xml:lang": "en-us",\n        "yahoo:uri": "\\/fantasy\\/v2\\/users;use_login=1\\/games\\/teams?format=json",\n        "description": "You do not have the appropriate OAuth scope permissions to perform this action.",\n        "detail": ""\n    }\n}'
2026-02-01 17:09:20 | ERROR    | src.yahoo_oauth_manual | Authorization failed: No module named 'cryptography'
2026-02-01 17:10:00 | INFO     | src.yahoo_oauth_manual | Waiting for authorization...
2026-02-01 17:10:00 | ERROR    | src.yahoo_oauth_manual | No authorization code received
2026-02-01 17:11:41 | INFO     | src.yahoo_oauth_manual | Waiting for authorization...
2026-02-01 17:11:41 | ERROR    | src.yahoo_oauth_manual | No authorization code received
2026-02-01 17:12:05 | ERROR    | src.yahoo_oauth_manual | Authorization failed: EOF when reading a line
2026-02-01 17:14:12 | ERROR    | src.yahoo_oauth_manual | Authorization failed: EOF when reading a line
2026-02-01 17:16:04 | INFO     | src.yahoo_oauth_manual | ✅ Access token obtained successfully!
2026-02-01 17:16:04 | INFO     | src.yahoo_oauth_manual | Tokens saved to /Users/tyler.hanlon/Documents/GitHub/fantasy/apps/keeper-advisor/config/oauth2.json
2026-02-01 17:17:15 | ERROR    | __main__ | Error fetching roster: EOF when reading a line
Traceback (most recent call last):
  File "/Users/tyler.hanlon/Documents/GitHub/fantasy/apps/keeper-advisor/scripts/fetch_yahoo_roster.py", line 39, in main
    year = int(input("Enter season year (e.g., 2025): ").strip())
               ~~~~~^^^^^^^^^^^^^^^^^^^^^^^^^^^^^^^^^^^^
EOFError: EOF when reading a line
2026-02-01 17:21:19 | ERROR    | src.yahoo_client | Error fetching league teams: 'list' object has no attribute 'get'
Traceback (most recent call last):
  File "/Users/tyler.hanlon/Documents/GitHub/fantasy/apps/keeper-advisor/src/yahoo_client.py", line 175, in get_league_teams
    'team_key': team.get('team_key'),
                ^^^^^^^^
AttributeError: 'list' object has no attribute 'get'
2026-02-01 17:22:40 | ERROR    | src.yahoo_client | Error fetching league teams: 'list' object has no attribute 'get'
Traceback (most recent call last):
  File "/Users/tyler.hanlon/Documents/GitHub/fantasy/apps/keeper-advisor/src/yahoo_client.py", line 175, in get_league_teams
    team = team_list[0]
                    ^^^
AttributeError: 'list' object has no attribute 'get'
2026-02-01 17:23:13 | ERROR    | src.yahoo_client | Error fetching league teams: 'list' object has no attribute 'get'
Traceback (most recent call last):
  File "/Users/tyler.hanlon/Documents/GitHub/fantasy/apps/keeper-advisor/src/yahoo_client.py", line 187, in get_league_teams
    'team_key': team.get('team_key'),
                ^^^^^^^^
AttributeError: 'list' object has no attribute 'get'
2026-02-01 17:24:19 | ERROR    | src.yahoo_client | Error fetching team roster: 'list' object has no attribute 'get'
Traceback (most recent call last):
  File "/Users/tyler.hanlon/Documents/GitHub/fantasy/apps/keeper-advisor/src/yahoo_client.py", line 126, in get_team_roster
    'player_key': player_info.get('player_key'),
                  ^^^^^^^^^^^^^^^
AttributeError: 'list' object has no attribute 'get'
2026-02-01 17:39:26 | INFO     | src.analyzer | Analyzing 0 players...
2026-02-01 17:39:49 | INFO     | src.analyzer | Analyzing 24 players...
2026-02-01 17:44:06 | INFO     | src.analyzer | Analyzing 24 players...
2026-02-01 17:44:12 | INFO     | src.analyzer | Analyzing 24 players...
2026-02-01 17:44:27 | INFO     | src.analyzer | Analyzing 24 players...
2026-02-01 17:44:37 | INFO     | src.analyzer | Analyzing 24 players...
2026-02-01 17:46:58 | INFO     | src.analyzer | Analyzing 24 players...
2026-02-01 17:47:31 | INFO     | src.analyzer | Analyzing 24 players...
2026-02-01 17:47:43 | INFO     | src.analyzer | Analyzing 24 players...
2026-02-01 17:48:07 | INFO     | src.analyzer | Analyzing 24 players...
2026-02-01 17:50:01 | INFO     | src.analyzer | Analyzing 24 players...
2026-02-01 18:44:20 | ERROR    | src.yahoo_client | Error fetching games: {"error":{"lang":"en-US","description":"Please provide valid credentials. OAuth oauth_problem=\"token_expired\", realm=\"yahooapis.com\""}}
2026-02-01 18:44:30 | ERROR    | src.yahoo_client | Error fetching games: {"error":{"lang":"en-US","description":"Please provide valid credentials. OAuth oauth_problem=\"token_expired\", realm=\"yahooapis.com\""}}
2026-02-01 18:44:35 | ERROR    | src.yahoo_client | Error fetching games: {"error":{"lang":"en-US","description":"Please provide valid credentials. OAuth oauth_problem=\"token_expired\", realm=\"yahooapis.com\""}}
2026-02-01 18:45:53 | ERROR    | src.yahoo_client | Error fetching games: {"error":{"lang":"en-US","description":"Please provide valid credentials. OAuth oauth_problem=\"token_expired\", realm=\"yahooapis.com\""}}
2026-02-01 18:46:13 | ERROR    | src.yahoo_client | Error fetching games: {"error":{"lang":"en-US","description":"Please provide valid credentials. OAuth oauth_problem=\"token_expired\", realm=\"yahooapis.com\""}}
2026-02-01 21:28:18 | ERROR    | src.yahoo_client | Error fetching games: {"error":{"lang":"en-US","description":"Please provide valid credentials. OAuth oauth_problem=\"token_expired\", realm=\"yahooapis.com\""}}
2026-02-01 21:29:50 | ERROR    | src.yahoo_client | Error fetching games: {"error":{"lang":"en-US","description":"Please provide valid credentials. OAuth oauth_problem=\"token_expired\", realm=\"yahooapis.com\""}}
2026-02-01 21:39:01 | INFO     | src.analyzer | Analyzing 24 players...
